Microchip MPLAB XC8 Compiler V2.46

Linker command line:

-W-3 \
  --edf=C:\Program Files\Microchip\xc8\v2.46\pic\dat\20240104201356_en.msgs \
  -cn -h+dist/default/production\code.production.sym \
  --cmf=dist/default/production\code.production.cmf -z -Q18F4620 \
  -oC:\Users\ah427\AppData\Local\Temp\xcBs534.1\driver_tmp_3.o \
  --defsym=__MPLAB_BUILD=1 --fixupoverflow=error \
  -Mdist/default/production/code.production.map \
  --md=C:\Users\ah427\AppData\Local\Temp\xcBs534.1\driver_tmp_0.dat -E1 \
  -ver=XC8 Compiler --acfsm=1493 -ACODE=00h-0FFFFh -ACONST=00h-0FFFFh \
  -ASMALLCONST=01000h-010FFhx240 -AMEDIUMCONST=01000h-0FFFFh \
  -ACOMRAM=01h-07Fh -AABS1=00h-0F7Fh -ABIGRAM=01h-0F7Fh \
  -ARAM=080h-0FFh,0100h-01FFhx14,0F00h-0F7Fh -ABANK0=080h-0FFh \
  -ABANK1=0100h-01FFh -ABANK2=0200h-02FFh -ABANK3=0300h-03FFh \
  -ABANK4=0400h-04FFh -ABANK5=0500h-05FFh -ABANK6=0600h-06FFh \
  -ABANK7=0700h-07FFh -ABANK8=0800h-08FFh -ABANK9=0900h-09FFh \
  -ABANK10=0A00h-0AFFh -ABANK11=0B00h-0BFFh -ABANK12=0C00h-0CFFh \
  -ABANK13=0D00h-0DFFh -ABANK14=0E00h-0EFFh -ABANK15=0F00h-0F7Fh \
  -ASFR=0F80h-0FFFh -ABIGSFR=0F80h-0FFFh -ACONFIG=0300000h-030000Dh \
  -AIDLOC=0200000h-0200007h -AEEDATA=0F00000h-0F003FFh -peeprom_data=EEDATA \
  -preset_vec=00h,intcode,sivt_hi,intcodelo,sivt_lo,powerup,init \
  -pramtop=01000h -psmallconst=SMALLCONST -pmediumconst=MEDIUMCONST \
  -pconst=CONST -AFARRAM=00h-00h \
  -prdata=COMRAM,nvrram=COMRAM,nvbit=COMRAM,rbss=COMRAM,rbit=COMRAM \
  -pfarbss=FARRAM,fardata=FARRAM,nvFARRAM=FARRAM \
  -pintsave_regs=BIGRAM,bigbss=BIGRAM,bigdata=BIGRAM -pbss=RAM \
  -pidata=CODE,irdata=CODE,ibigdata=CODE,ifardata=CODE -prparam=COMRAM \
  C:\Users\ah427\AppData\Local\Temp\xcBs534.1\driver_tmp_9.o \
  dist/default/production\code.production.o 

Object code version is 3.11

Machine type is 18F4620



                Name                               Link     Load   Length Selector   Space Scale
C:\Users\ah427\AppData\Local\Temp\xcBs534.1\driver_tmp_9.o
                init                                  0        0        4        0       0
dist/default/production\code.production.o
                smallconst                         1000     1000       34      800       0
                text23                             15A2     15A2       B8      81A       0
                text22                             12A0     12A0      124      81A       0
                text21                             14C6     14C6       DC      81A       0
                text20                             1974     1974       62      81A       0
                text19                             1A86     1A86       32      81A       0
                text18                             1A54     1A54       32      81A       0
                text17                             117A     117A      126      81A       0
                text16                             16E2     16E2       7A      81A       0
                text15                             18AE     18AE       64      81A       0
                text14                             1B14     1B14       2E      81A       0
                text13                             1B96     1B96       2A      81A       0
                text12                             17D0     17D0       74      81A       0
                text11                             13C4     13C4      102      81A       0
                text10                             1912     1912       62      81A       0
                text9                              1B6C     1B6C       2A      81A       0
                text8                              1B42     1B42       2A      81A       0
                text7                              1BE8     1BE8        6      81A       0
                text6                              175C     175C       74      81A       0
                text5                              1844     1844       6A      81A       0
                text4                              165A     165A       88      81A       0
                text3                              19D6     19D6       4A      81A       0
                text2                              1AE6     1AE6       2E      81A       0
                text1                              1AB8     1AB8       2E      81A       0
                text0                              1034     1034      146      81A       0
                cstackCOMRAM                         35       35       1A        1       1
                dataCOMRAM                            1        1       34        1       1
                bssCOMRAM                            4F       4F        1        1       1
                cinit                              1BC0     1BC0       28      81A       0
                idataCOMRAM                        1A20     1A20       34      81A       0

TOTAL           Name                               Link     Load   Length     Space
        CLASS   CODE           
                init                                  0        0        4         0
                text23                             15A2     15A2       B8         0
                text22                             12A0     12A0      124         0
                text21                             14C6     14C6       DC         0
                text20                             1974     1974       62         0
                text19                             1A86     1A86       32         0
                text18                             1A54     1A54       32         0
                text17                             117A     117A      126         0
                text16                             16E2     16E2       7A         0
                text15                             18AE     18AE       64         0
                text14                             1B14     1B14       2E         0
                text13                             1B96     1B96       2A         0
                text12                             17D0     17D0       74         0
                text11                             13C4     13C4      102         0
                text10                             1912     1912       62         0
                text9                              1B6C     1B6C       2A         0
                text8                              1B42     1B42       2A         0
                text7                              1BE8     1BE8        6         0
                text6                              175C     175C       74         0
                text5                              1844     1844       6A         0
                text4                              165A     165A       88         0
                text3                              19D6     19D6       4A         0
                text2                              1AE6     1AE6       2E         0
                text1                              1AB8     1AB8       2E         0
                text0                              1034     1034      146         0
                cinit                              1BC0     1BC0       28         0
                idataCOMRAM                        1A20     1A20       34         0

        CLASS   CONST          

        CLASS   SMALLCONST     
                smallconst                         1000     1000       34         0

        CLASS   MEDIUMCONST    

        CLASS   COMRAM         
                cstackCOMRAM                         35       35       1A         1
                dataCOMRAM                            1        1       34         1
                bssCOMRAM                            4F       4F        1         1

        CLASS   ABS1           

        CLASS   BIGRAM         

        CLASS   RAM            

        CLASS   BANK0          

        CLASS   BANK1          

        CLASS   BANK2          

        CLASS   BANK3          

        CLASS   BANK4          

        CLASS   BANK5          

        CLASS   BANK6          

        CLASS   BANK7          

        CLASS   BANK8          

        CLASS   BANK9          

        CLASS   BANK10         

        CLASS   BANK11         

        CLASS   BANK12         

        CLASS   BANK13         

        CLASS   BANK14         

        CLASS   BANK15         

        CLASS   SFR            

        CLASS   BIGSFR         

        CLASS   CONFIG         

        CLASS   IDLOC          

        CLASS   EEDATA         

        CLASS   FARRAM         

        CLASS   HEAP           

        CLASS   STACK          



SEGMENTS        Name                           Load    Length   Top    Selector   Space  Class

                reset_vec                      000000  000004  000004         0       0  CODE    
                dataCOMRAM                     000001  00004F  000050         1       1  COMRAM  
                smallconst                     001000  000034  001034       800       0  SMALLCON
                text0                          001034  000BBA  001BEE       81A       0  CODE    


UNUSED ADDRESS RANGES

        Name                Unused          Largest block    Delta
        BANK0            0080-00FF             80
        BANK1            0100-01FF            100
        BANK10           0A00-0AFF            100
        BANK11           0B00-0BFF            100
        BANK12           0C00-0CFF            100
        BANK13           0D00-0DFF            100
        BANK14           0E00-0EFF            100
        BANK15           0F00-0F7F             80
        BANK2            0200-02FF            100
        BANK3            0300-03FF            100
        BANK4            0400-04FF            100
        BANK5            0500-05FF            100
        BANK6            0600-06FF            100
        BANK7            0700-07FF            100
        BANK8            0800-08FF            100
        BANK9            0900-09FF            100
        BIGRAM           0050-0F7F            F30
        BIGSFR           0F80-0FFF             80
        CODE             0004-0FFF            FFC
                         1BEE-FFFF           E412
        COMRAM           0050-007F             30
        CONFIG           300000-30000D              E
        CONST            0004-0FFF            FFC
                         1BEE-FFFF           E412
        EEDATA           F00000-F003FF            400
        IDLOC            200000-200007              8
        MEDIUMCONST      1BEE-FFFF           E412
        RAM              0080-0F7F            100
        SFR              0F80-0FFF             80
        SMALLCONST       1BEE-FFFF            100

                                  Symbol Table

Keypad_initialize@L_counter_col           cstackCOMRAM 0042
Keypad_initialize@L_counter_row           cstackCOMRAM 0041
Keypad_initialize@_keypad                 cstackCOMRAM 003F
Keypad_initialize@ret                     cstackCOMRAM 0040
Keypad_read_value@L_counter               cstackCOMRAM 0041
Keypad_read_value@L_counter_col           cstackCOMRAM 0043
Keypad_read_value@L_counter_row           cstackCOMRAM 0042
Keypad_read_value@_keypad                 cstackCOMRAM 003C
Keypad_read_value@column_status           cstackCOMRAM 0040
Keypad_read_value@ret                     cstackCOMRAM 003F
Keypad_read_value@value                   cstackCOMRAM 003D
Relay_Config@_relay                       cstackCOMRAM 0036
Relay_Config@pin_config                   cstackCOMRAM 0035
Relay_Turn_Off@_relay                     cstackCOMRAM 003C
Relay_Turn_Off@pin_config                 cstackCOMRAM 003D
Relay_Turn_On@_relay                      cstackCOMRAM 003C
Relay_Turn_On@pin_config                  cstackCOMRAM 003D
Relay_initialize@_relay                   cstackCOMRAM 003F
Relay_initialize@pin_config               cstackCOMRAM 0040
_Keypad_initialize                        text15       18AE
_Keypad_read_value                        text21       14C6
_LATA                                     (abs)        0F89
_LATB                                     (abs)        0F8A
_LATC                                     (abs)        0F8B
_LATD                                     (abs)        0F8C
_LATE                                     (abs)        0F8D
_PORTA                                    (abs)        0F80
_PORTB                                    (abs)        0F81
_PORTC                                    (abs)        0F82
_PORTD                                    (abs)        0F83
_PORTE                                    (abs)        0F84
_Relay_Config                             text20       1974
_Relay_Turn_Off                           text19       1A86
_Relay_Turn_On                            text18       1A54
_Relay_initialize                         text14       1B14
_TRISA                                    (abs)        0F92
_TRISB                                    (abs)        0F93
_TRISC                                    (abs)        0F94
_TRISD                                    (abs)        0F95
_TRISE                                    (abs)        0F96
__HRAM                                    (abs)        0000
__H__absolute__                           __absolute__ 0000
__Habs1                                   abs1         0000
__Hbank0                                  bank0        0000
__Hbank1                                  bank1        0000
__Hbank10                                 bank10       0000
__Hbank11                                 bank11       0000
__Hbank12                                 bank12       0000
__Hbank13                                 bank13       0000
__Hbank14                                 bank14       0000
__Hbank15                                 bank15       0000
__Hbank2                                  bank2        0000
__Hbank3                                  bank3        0000
__Hbank4                                  bank4        0000
__Hbank5                                  bank5        0000
__Hbank6                                  bank6        0000
__Hbank7                                  bank7        0000
__Hbank8                                  bank8        0000
__Hbank9                                  bank9        0000
__Hbigbss                                 bigbss       0000
__Hbigdata                                bigdata      0000
__Hbigram                                 bigram       0000
__Hbigsfr                                 bigsfr       0000
__Hbss                                    bss          0000
__HbssCOMRAM                              bssCOMRAM    0000
__Hcinit                                  cinit        0000
__Hclrtext                                clrtext      0000
__Hcomram                                 comram       0000
__Hconfig                                 config       0000
__Hconst                                  const        0000
__HcstackCOMRAM                           cstackCOMRAM 0000
__Hdata                                   data         0000
__HdataCOMRAM                             dataCOMRAM   0000
__Heeprom_data                            eeprom_data  0000
__Hfarbss                                 farbss       0000
__Hfardata                                fardata      0000
__Hheap                                   heap         0000
__Hibigdata                               ibigdata     0000
__Hidata                                  idata        0000
__HidataCOMRAM                            idataCOMRAM  0000
__Hidloc                                  idloc        0000
__Hifardata                               ifardata     0000
__Hinit                                   init         0004
__Hintcode                                intcode      0000
__Hintcode_body                           intcode_body 0000
__Hintcodelo                              intcodelo    0000
__Hintentry                               intentry     0000
__Hintret                                 intret       0000
__Hintsave_regs                           intsave_regs 0000
__Hirdata                                 irdata       0000
__Hmediumconst                            mediumconst  0000
__HnvFARRAM                               nvFARRAM     0000
__Hnvbit                                  nvbit        0000
__Hnvrram                                 nvrram       0000
__Hparam                                  rparam       0000
__Hpowerup                                powerup      0000
__Hram                                    ram          0000
__Hramtop                                 ramtop       1000
__Hrbit                                   rbit         0000
__Hrbss                                   rbss         0000
__Hrdata                                  rdata        0000
__Hreset_vec                              reset_vec    0000
__Hrparam                                 rparam       0000
__Hsfr                                    sfr          0000
__Hsivt_hi                                sivt_hi      0000
__Hsivt_lo                                sivt_lo      0000
__Hsmallconst                             smallconst   1034
__Hspace_0                                (abs)        1BEE
__Hspace_1                                (abs)        0050
__Hspace_2                                (abs)        0000
__Hspace_4                                (abs)        0000
__Hstack                                  stack        0000
__Hstruct                                 struct       0000
__Htemp                                   temp         0000
__Htext                                   text         0000
__Htext0                                  text0        0000
__Htext1                                  text1        0000
__Htext10                                 text10       0000
__Htext11                                 text11       0000
__Htext12                                 text12       0000
__Htext13                                 text13       0000
__Htext14                                 text14       0000
__Htext15                                 text15       0000
__Htext16                                 text16       0000
__Htext17                                 text17       0000
__Htext18                                 text18       0000
__Htext19                                 text19       0000
__Htext2                                  text2        0000
__Htext20                                 text20       0000
__Htext21                                 text21       0000
__Htext22                                 text22       0000
__Htext23                                 text23       0000
__Htext3                                  text3        0000
__Htext4                                  text4        0000
__Htext5                                  text5        0000
__Htext6                                  text6        0000
__Htext7                                  text7        0000
__Htext8                                  text8        0000
__Htext9                                  text9        0000
__LRAM                                    (abs)        0001
__L__absolute__                           __absolute__ 0000
__Labs1                                   abs1         0000
__Lbank0                                  bank0        0000
__Lbank1                                  bank1        0000
__Lbank10                                 bank10       0000
__Lbank11                                 bank11       0000
__Lbank12                                 bank12       0000
__Lbank13                                 bank13       0000
__Lbank14                                 bank14       0000
__Lbank15                                 bank15       0000
__Lbank2                                  bank2        0000
__Lbank3                                  bank3        0000
__Lbank4                                  bank4        0000
__Lbank5                                  bank5        0000
__Lbank6                                  bank6        0000
__Lbank7                                  bank7        0000
__Lbank8                                  bank8        0000
__Lbank9                                  bank9        0000
__Lbigbss                                 bigbss       0000
__Lbigdata                                bigdata      0000
__Lbigram                                 bigram       0000
__Lbigsfr                                 bigsfr       0000
__Lbss                                    bss          0000
__LbssCOMRAM                              bssCOMRAM    0000
__Lcinit                                  cinit        0000
__Lclrtext                                clrtext      0000
__Lcomram                                 comram       0000
__Lconfig                                 config       0000
__Lconst                                  const        0000
__LcstackCOMRAM                           cstackCOMRAM 0000
__Ldata                                   data         0000
__LdataCOMRAM                             dataCOMRAM   0000
__Leeprom_data                            eeprom_data  0000
__Lfarbss                                 farbss       0000
__Lfardata                                fardata      0000
__Lheap                                   heap         0000
__Libigdata                               ibigdata     0000
__Lidata                                  idata        0000
__LidataCOMRAM                            idataCOMRAM  0000
__Lidloc                                  idloc        0000
__Lifardata                               ifardata     0000
__Linit                                   init         0000
__Lintcode                                intcode      0000
__Lintcode_body                           intcode_body 0000
__Lintcodelo                              intcodelo    0000
__Lintentry                               intentry     0000
__Lintret                                 intret       0000
__Lintsave_regs                           intsave_regs 0000
__Lirdata                                 irdata       0000
__Lmediumconst                            mediumconst  0000
__LnvFARRAM                               nvFARRAM     0000
__Lnvbit                                  nvbit        0000
__Lnvrram                                 nvrram       0000
__Lparam                                  rparam       0000
__Lpowerup                                powerup      0000
__Lram                                    ram          0000
__Lramtop                                 ramtop       1000
__Lrbit                                   rbit         0000
__Lrbss                                   rbss         0000
__Lrdata                                  rdata        0000
__Lreset_vec                              reset_vec    0000
__Lrparam                                 rparam       0000
__Lsfr                                    sfr          0000
__Lsivt_hi                                sivt_hi      0000
__Lsivt_lo                                sivt_lo      0000
__Lsmallconst                             smallconst   1000
__Lspace_0                                (abs)        0000
__Lspace_1                                (abs)        0000
__Lspace_2                                (abs)        0000
__Lspace_4                                (abs)        0000
__Lstack                                  stack        0000
__Lstruct                                 struct       0000
__Ltemp                                   temp         0000
__Ltext                                   text         0000
__Ltext0                                  text0        0000
__Ltext1                                  text1        0000
__Ltext10                                 text10       0000
__Ltext11                                 text11       0000
__Ltext12                                 text12       0000
__Ltext13                                 text13       0000
__Ltext14                                 text14       0000
__Ltext15                                 text15       0000
__Ltext16                                 text16       0000
__Ltext17                                 text17       0000
__Ltext18                                 text18       0000
__Ltext19                                 text19       0000
__Ltext2                                  text2        0000
__Ltext20                                 text20       0000
__Ltext21                                 text21       0000
__Ltext22                                 text22       0000
__Ltext23                                 text23       0000
__Ltext3                                  text3        0000
__Ltext4                                  text4        0000
__Ltext5                                  text5        0000
__Ltext6                                  text6        0000
__Ltext7                                  text7        0000
__Ltext8                                  text8        0000
__Ltext9                                  text9        0000
__S0                                      (abs)        1BEE
__S1                                      (abs)        0050
__S4                                      (abs)        0000
__S5                                      (abs)        0000
___heap_hi                                (abs)        0000
___heap_lo                                (abs)        0000
___inthi_sp                               stack        0000
___inthi_stack_hi                         stack        0000
___inthi_stack_lo                         stack        0000
___intlo_sp                               stack        0000
___intlo_stack_hi                         stack        0000
___intlo_stack_lo                         stack        0000
___param_bank                             (abs)        0000
___rparam_used                            (abs)        0001
___sp                                     stack        0000
___stack_hi                               stack        0000
___stack_lo                               stack        0000
__accesstop                               (abs)        0080
__activetblptr                            (abs)        0003
__end_of_Keypad_initialize                text15       1912
__end_of_Keypad_read_value                text21       15A2
__end_of_Relay_Config                     text20       19D6
__end_of_Relay_Turn_Off                   text19       1AB8
__end_of_Relay_Turn_On                    text18       1A86
__end_of_Relay_initialize                 text14       1B42
__end_of__initialization                  cinit        1BE2
__end_of_configure_pin                    text10       1974
__end_of_ecu_initialize                   text8        1B6C
__end_of_gpio_pin_direction_initialize    text17       12A0
__end_of_gpio_pin_initialize              text16       175C
__end_of_gpio_pin_read_logic              text23       165A
__end_of_gpio_pin_write_logic             text22       13C4
__end_of_initialization                   text7        1BEE
__end_of_keypad_matrix                    smallconst   1011
__end_of_lcd_8bit_enable_signal           text13       1BC0
__end_of_lcd_8bit_initialize              text11       14C6
__end_of_lcd_8bit_send_char               text6        17D0
__end_of_lcd_8bit_send_command            text12       1844
__end_of_lcd_8bit_send_string             text5        18AE
__end_of_lcd_8bit_send_string_pos         text3        1A20
__end_of_lcd_8bit_set_cursor              text4        16E2
__end_of_led_initialize                   text9        1B96
__end_of_led_turn_off                     text2        1B14
__end_of_led_turn_on                      text1        1AE6
__end_of_main                             text0        117A
__initialization                          cinit        1BC0
__mediumconst                             mediumconst  0000
__pbssCOMRAM                              bssCOMRAM    004F
__pcinit                                  cinit        1BC0
__pcstackCOMRAM                           cstackCOMRAM 0035
__pdataCOMRAM                             dataCOMRAM   0001
__pidataCOMRAM                            idataCOMRAM  1A20
__psmallconst                             smallconst   1000
__ptext0                                  text0        1034
__ptext1                                  text1        1AB8
__ptext10                                 text10       1912
__ptext11                                 text11       13C4
__ptext12                                 text12       17D0
__ptext13                                 text13       1B96
__ptext14                                 text14       1B14
__ptext15                                 text15       18AE
__ptext16                                 text16       16E2
__ptext17                                 text17       117A
__ptext18                                 text18       1A54
__ptext19                                 text19       1A86
__ptext2                                  text2        1AE6
__ptext20                                 text20       1974
__ptext21                                 text21       14C6
__ptext22                                 text22       12A0
__ptext23                                 text23       15A2
__ptext3                                  text3        19D6
__ptext4                                  text4        165A
__ptext5                                  text5        1844
__ptext6                                  text6        175C
__ptext7                                  text7        1BE8
__ptext8                                  text8        1B42
__ptext9                                  text9        1B6C
__ramtop                                  ramtop       1000
__smallconst                              smallconst   1000
_configure_pin                            text10       1912
_ecu_initialize                           text8        1B42
_gpio_pin_direction_initialize            text17       117A
_gpio_pin_initialize                      text16       16E2
_gpio_pin_read_logic                      text23       15A2
_gpio_pin_write_logic                     text22       12A0
_initialization                           text7        1BE8
_keypad                                   dataCOMRAM   002A
_keypad_matrix                            smallconst   1001
_keypad_value                             bssCOMRAM    004F
_lat_registers                            dataCOMRAM   0001
_lcd                                      dataCOMRAM   0020
_lcd_8bit_enable_signal                   text13       1B96
_lcd_8bit_initialize                      text11       13C4
_lcd_8bit_send_char                       text6        175C
_lcd_8bit_send_command                    text12       17D0
_lcd_8bit_send_string                     text5        1844
_lcd_8bit_send_string_pos                 text3        19D6
_lcd_8bit_set_cursor                      text4        165A
_led_correct                              dataCOMRAM   0033
_led_initialize                           text9        1B6C
_led_turn_off                             text2        1AE6
_led_turn_on                              text1        1AB8
_led_wrong                                dataCOMRAM   0034
_main                                     text0        1034
_port_registers                           dataCOMRAM   000B
_relay                                    dataCOMRAM   0032
_secret_value                             dataCOMRAM   001F
_tris_registers                           dataCOMRAM   0015
configure_pin@_pin_config                 cstackCOMRAM 0035
configure_pin@led                         cstackCOMRAM 0036
end_of_initialization                     cinit        1BE2
gpio_pin_direction_initialize@_pin_config cstackCOMRAM 0035
gpio_pin_initialize@_pin_config           cstackCOMRAM 003C
gpio_pin_initialize@ret                   cstackCOMRAM 003E
gpio_pin_read_logic@_pin_config           cstackCOMRAM 0035
gpio_pin_read_logic@logic                 cstackCOMRAM 0036
gpio_pin_write_logic@_pin_config          cstackCOMRAM 0035
gpio_pin_write_logic@logic                cstackCOMRAM 0036
intlevel0                                 text         0000
intlevel1                                 text         0000
intlevel2                                 text         0000
intlevel3                                 text         0000
isa$std                                   (abs)        0001
isa$xinst                                 (abs)        0000
lcd_8bit_enable_signal@_lcd               cstackCOMRAM 003C
lcd_8bit_enable_signal@ret                cstackCOMRAM 003D
lcd_8bit_initialize@_lcd                  cstackCOMRAM 0044
lcd_8bit_initialize@count                 cstackCOMRAM 0047
lcd_8bit_initialize@ret                   cstackCOMRAM 0048
lcd_8bit_send_char@_lcd                   cstackCOMRAM 003E
lcd_8bit_send_char@count                  cstackCOMRAM 0043
lcd_8bit_send_char@data                   cstackCOMRAM 003F
lcd_8bit_send_char@ret                    cstackCOMRAM 0042
lcd_8bit_send_command@_lcd                cstackCOMRAM 003E
lcd_8bit_send_command@command             cstackCOMRAM 003F
lcd_8bit_send_command@count               cstackCOMRAM 0043
lcd_8bit_send_command@ret                 cstackCOMRAM 0042
lcd_8bit_send_string@_lcd                 cstackCOMRAM 0044
lcd_8bit_send_string@ret                  cstackCOMRAM 0046
lcd_8bit_send_string@str                  cstackCOMRAM 0045
lcd_8bit_send_string_pos@_lcd             cstackCOMRAM 0048
lcd_8bit_send_string_pos@column           cstackCOMRAM 004B
lcd_8bit_send_string_pos@ret              cstackCOMRAM 004C
lcd_8bit_send_string_pos@row              cstackCOMRAM 004A
lcd_8bit_send_string_pos@str              cstackCOMRAM 0049
lcd_8bit_set_cursor@_lcd                  cstackCOMRAM 0044
lcd_8bit_set_cursor@column                cstackCOMRAM 0046
lcd_8bit_set_cursor@ret                   cstackCOMRAM 0047
lcd_8bit_set_cursor@row                   cstackCOMRAM 0045
led_initialize@_pin_config                cstackCOMRAM 0040
led_initialize@led                        cstackCOMRAM 003F
led_turn_off@_pin_config                  cstackCOMRAM 003D
led_turn_off@led                          cstackCOMRAM 003C
led_turn_on@_pin_config                   cstackCOMRAM 003D
led_turn_on@led                           cstackCOMRAM 003C
stackhi                                   (abs)        0000
stacklo                                   (abs)        0000
start                                     init         0000
start_initialization                      cinit        1BC0


MODULE INFORMATION

Module		Function		Class		Link	Load	Size
ECU/LCD/ecu_lcd.c
		_lcd_8bit_set_cursor		CODE           	165A	0000	136
		_lcd_8bit_initialize		CODE           	13C4	0000	258
		_lcd_8bit_send_string		CODE           	1844	0000	106
		_lcd_8bit_enable_signal		CODE           	1B96	0000	42
		_lcd_8bit_send_command		CODE           	17D0	0000	116
		_lcd_8bit_send_string_pos		CODE           	19D6	0000	74
		_lcd_8bit_send_char		CODE           	175C	0000	116

ECU/LCD/ecu_lcd.c estimated size: 848

ECU/LED/led.c
		_configure_pin 		CODE           	1912	0000	98
		_led_initialize		CODE           	1B6C	0000	42
		_led_turn_on   		CODE           	1AB8	0000	46
		_led_turn_off  		CODE           	1AE6	0000	46

ECU/LED/led.c estimated size: 232

project.c
		_initialization		CODE           	1BE8	0000	6
		_main          		CODE           	1034	0000	326

project.c estimated size: 332

MCAL/GPIO/hal_gpio.c
		_gpio_pin_write_logic		CODE           	12A0	0000	292
		_gpio_pin_read_logic		CODE           	15A2	0000	184
		_gpio_pin_direction_initialize		CODE           	117A	0000	294
		_gpio_pin_initialize		CODE           	16E2	0000	122

MCAL/GPIO/hal_gpio.c estimated size: 892

shared
		__initialization		CODE           	1BC0	0000	34
		_keypad_matrix 		SMALLCONST     	1001	0000	16

shared estimated size: 50

ECU/KEYPAD/ecu_keypad.c
		_Keypad_read_value		CODE           	14C6	0000	220
		_Keypad_initialize		CODE           	18AE	0000	100

ECU/KEYPAD/ecu_keypad.c estimated size: 320

ECU/Relay/ecu_relay.c
		_Relay_Turn_On 		CODE           	1A54	0000	50
		_Relay_Turn_Off		CODE           	1A86	0000	50
		_Relay_Config  		CODE           	1974	0000	98
		_Relay_initialize		CODE           	1B14	0000	46

ECU/Relay/ecu_relay.c estimated size: 244

ECU/ecu_layer_init.c
		_ecu_initialize		CODE           	1B42	0000	42

ECU/ecu_layer_init.c estimated size: 42

